13:35:11 [E1.4eV_r0.4mm_p0-0.5_gun2a20faa6] field table 1024x512, on-axis rel err 8.07e-16, B_axis_max=0.0430 T, B_max(r<r_max)=0.2317 T, integrator=boris dt_ref=3.854e-12 s adaptive dt<= 1.394e-10 s
13:35:11 [E1.4eV_r0.4mm_p0-0.5_gun2a20faa6] fused CUDA extension ready in 0.1s
13:35:12 [E5eV_r0.4mm_p0-0.5_Q-6.45951e-12C_gun2a20faa6] field table 1024x512, on-axis rel err 8.07e-16, B_axis_max=0.0430 T, B_max(r<r_max)=0.2317 T, integrator=boris dt_ref=3.854e-12 s adaptive dt<= 5.019e-11 s
13:35:12 [E5eV_r0.4mm_p0-0.5_Q-6.45951e-12C_gun2a20faa6] fused CUDA extension ready in 0.0s
13:35:12 [E1.4eV_r2mm_p0-0.5_gun2a20faa6] field table 1024x512, on-axis rel err 8.07e-16, B_axis_max=0.0430 T, B_max(r<r_max)=0.2317 T, integrator=boris dt_ref=3.854e-12 s adaptive dt<= 1.394e-10 s
13:35:12 [E1.4eV_r0.4mm_p0-0.5_gun2a20faa6] gun at [0.0, 0.0004, -0.055] aim [ 0.         -0.00714267  0.99997449]: B(origin)=0.0303 T, aim-vs-B angle 0.10766094213123702 deg, 0 particles at zero field
13:35:12 [E1.4eV_r0.4mm_p0-0.5_gun2a20faa6] t=0.008/20.000 us alive 200000/200000 (100.0%) 0.0s 19.97 Gpart-steps/s
13:35:12 [E1.4eV_r2mm_p0-0.5_gun2a20faa6] fused CUDA extension ready in 0.0s
13:35:12 [E5eV_r0.4mm_p0-0.5_Q-6.45951e-12C_gun2a20faa6] gun at [0.0, 0.0004, -0.055] aim [ 0.         -0.00714267  0.99997449]: B(origin)=0.0303 T, aim-vs-B angle 0.10766094213123702 deg, 0 particles at zero field
13:35:12 [E5eV_r0.4mm_p0-0.5_Q-6.45951e-12C_gun2a20faa6] t=0.008/20.000 us alive 200000/200000 (100.0%) 0.0s 26.04 Gpart-steps/s
13:35:12 [E5eV_r2mm_p0-0.5_gun2a20faa6] field table 1024x512, on-axis rel err 8.07e-16, B_axis_max=0.0430 T, B_max(r<r_max)=0.2317 T, integrator=boris dt_ref=3.854e-12 s adaptive dt<= 7.378e-11 s
13:35:12 [E5eV_r2mm_p0-0.5_Q-6.4586e-12C_gun2a20faa6] field table 1024x512, on-axis rel err 8.07e-16, B_axis_max=0.0430 T, B_max(r<r_max)=0.2317 T, integrator=boris dt_ref=3.854e-12 s adaptive dt<= 5.019e-11 s
13:35:12 [E1.4eV_r2mm_p0-0.5_gun2a20faa6] gun at [0.0, 0.002, -0.055] aim [ 0.         -0.00714267  0.99997449]: B(origin)=0.0303 T, aim-vs-B angle 1.1003772457840082 deg, 0 particles at zero field
13:35:12 [E1.4eV_r2mm_p0-0.5_gun2a20faa6] t=0.008/20.000 us alive 200000/200000 (100.0%) 0.0s 24.40 Gpart-steps/s
13:35:12 [E5eV_r2mm_p0-0.5_gun2a20faa6] fused CUDA extension ready in 0.0s
13:35:12 [E5eV_r0.4mm_p0-0.5_gun2a20faa6] field table 1024x512, on-axis rel err 8.07e-16, B_axis_max=0.0430 T, B_max(r<r_max)=0.2317 T, integrator=boris dt_ref=3.854e-12 s adaptive dt<= 7.378e-11 s
13:35:12 [E5eV_r2mm_p0-0.5_Q-6.4586e-12C_gun2a20faa6] fused CUDA extension ready in 0.0s
13:35:12 [E1.4eV_r0.4mm_p0-0.5_Q-1.80866e-12C_gun2a20faa6] field table 1024x512, on-axis rel err 8.07e-16, B_axis_max=0.0430 T, B_max(r<r_max)=0.2317 T, integrator=boris dt_ref=3.854e-12 s adaptive dt<= 9.485e-11 s
13:35:12 [E1.4eV_r2mm_p0-0.5_gun2a20faa6] t=0.139/20.000 us alive 0/200000 (0.0%) 0.1s 22.80 Gpart-steps/s
13:35:12 [E1.4eV_r2mm_p0-0.5_Q-1.80841e-12C_gun2a20faa6] field table 1024x512, on-axis rel err 8.07e-16, B_axis_max=0.0430 T, B_max(r<r_max)=0.2317 T, integrator=boris dt_ref=3.854e-12 s adaptive dt<= 9.485e-11 s
13:35:12 [E5eV_r0.4mm_p0-0.5_gun2a20faa6] fused CUDA extension ready in 0.0s
13:35:12 [E5eV_r0.4mm_p0-0.5_Q-6.45951e-12C_gun2a20faa6] t=1.002/20.000 us alive 4/200000 (0.0%) 0.2s 5.99 Gpart-steps/s
13:35:12 [E5eV_r2mm_p0-0.5_gun2a20faa6] gun at [0.0, 0.002, -0.055] aim [ 0.         -0.00714267  0.99997449]: B(origin)=0.0303 T, aim-vs-B angle 1.1003772457840082 deg, 0 particles at zero field
13:35:12 [E5eV_r0.4mm_p0-0.5_Q-6.45951e-12C_gun2a20faa6] t=1.233/20.000 us alive 0/200000 (0.0%) 0.2s 5.48 Gpart-steps/s
13:35:12 [E5eV_r2mm_p0-0.5_gun2a20faa6] t=0.008/20.000 us alive 200000/200000 (100.0%) 0.0s 24.57 Gpart-steps/s
13:35:12 [E1.4eV_r0.4mm_p0-0.5_Q-1.80866e-12C_gun2a20faa6] fused CUDA extension ready in 0.1s
13:35:12 [E5eV_r2mm_p0-0.5_Q-6.4586e-12C_gun2a20faa6] gun at [0.0, 0.002, -0.055] aim [ 0.         -0.00714267  0.99997449]: B(origin)=0.0303 T, aim-vs-B angle 1.1003772457840082 deg, 0 particles at zero field
13:35:12 [E1.4eV_r2mm_p0-0.5_Q-1.80841e-12C_gun2a20faa6] fused CUDA extension ready in 0.1s
13:35:12 [E5eV_r2mm_p0-0.5_Q-6.4586e-12C_gun2a20faa6] t=0.008/20.000 us alive 200000/200000 (100.0%) 0.0s 26.18 Gpart-steps/s
13:35:12 [E5eV_r2mm_p0-0.5_gun2a20faa6] t=0.085/20.000 us alive 0/200000 (0.0%) 0.0s 21.49 Gpart-steps/s
13:35:12 [E5eV_r2mm_p0-0.5_Q-6.4586e-12C_gun2a20faa6] t=0.108/20.000 us alive 0/200000 (0.0%) 0.0s 24.22 Gpart-steps/s
13:35:12 [E5eV_r0.4mm_p0-0.5_gun2a20faa6] gun at [0.0, 0.0004, -0.055] aim [ 0.         -0.00714267  0.99997449]: B(origin)=0.0303 T, aim-vs-B angle 0.10766094213123702 deg, 0 particles at zero field
13:35:12 [E5eV_r0.4mm_p0-0.5_gun2a20faa6] t=0.008/20.000 us alive 200000/200000 (100.0%) 0.0s 24.53 Gpart-steps/s
13:35:12 [E1.4eV_r0.4mm_p0-0.5_Q-1.80866e-12C_gun2a20faa6] gun at [0.0, 0.0004, -0.055] aim [ 0.         -0.00714267  0.99997449]: B(origin)=0.0303 T, aim-vs-B angle 0.10766094213123702 deg, 0 particles at zero field
13:35:12 [E1.4eV_r0.4mm_p0-0.5_Q-1.80866e-12C_gun2a20faa6] t=0.008/20.000 us alive 200000/200000 (100.0%) 0.0s 23.99 Gpart-steps/s
13:35:12 [E1.4eV_r2mm_p0-0.5_Q-1.80841e-12C_gun2a20faa6] gun at [0.0, 0.002, -0.055] aim [ 0.         -0.00714267  0.99997449]: B(origin)=0.0303 T, aim-vs-B angle 1.1003772457840082 deg, 0 particles at zero field
13:35:12 [E1.4eV_r2mm_p0-0.5_Q-1.80841e-12C_gun2a20faa6] t=0.008/20.000 us alive 200000/200000 (100.0%) 0.0s 24.14 Gpart-steps/s
13:35:12 [E1.4eV_r2mm_p0-0.5_Q-1.80841e-12C_gun2a20faa6] t=0.200/20.000 us alive 0/200000 (0.0%) 0.1s 23.63 Gpart-steps/s
13:35:12 [E1.4eV_r0.4mm_p0-0.5_Q-1.80866e-12C_gun2a20faa6] t=0.856/20.000 us alive 0/200000 (0.0%) 0.1s 12.86 Gpart-steps/s
13:35:12 [E1.4eV_r2mm_p0-0.5_gun2a20faa6] done: confined 0/200000 (0.00%), ring-cusp 200000, +z 0, -z 0, energy drift max 1.90e-14, 22.03 Gpart-steps/s, 2.3s wall
13:35:12 [E5eV_r0.4mm_p0-0.5_Q-6.45951e-12C_gun2a20faa6] done: confined 0/200000 (0.00%), ring-cusp 199513, +z 0, -z 487, energy drift max 1.17e-06, 5.41 Gpart-steps/s, 2.5s wall
13:35:12 [E1.4eV_r0.4mm_p0-0.5_gun2a20faa6] t=1.002/20.000 us alive 44658/200000 (22.3%) 0.7s 4.57 Gpart-steps/s
13:35:12 [E5eV_r2mm_p0-0.5_Q-6.4586e-12C_gun2a20faa6] done: confined 0/200000 (0.00%), ring-cusp 200000, +z 0, -z 0, energy drift max 1.51e-06, 22.92 Gpart-steps/s, 2.3s wall
13:35:12 [E5eV_r2mm_p0-0.5_gun2a20faa6] done: confined 0/200000 (0.00%), ring-cusp 200000, +z 0, -z 0, energy drift max 9.77e-15, 20.24 Gpart-steps/s, 2.1s wall
13:35:13 [E1.4eV_r2mm_p0-0.5_Q-1.80841e-12C_gun2a20faa6] done: confined 0/200000 (0.00%), ring-cusp 200000, +z 0, -z 0, energy drift max 3.35e-07, 22.98 Gpart-steps/s, 2.2s wall
13:35:13 [E1.4eV_r0.4mm_p0-0.5_Q-1.80866e-12C_gun2a20faa6] done: confined 0/200000 (0.00%), ring-cusp 199999, +z 0, -z 1, energy drift max 2.96e-07, 12.67 Gpart-steps/s, 2.3s wall
13:35:13 [E5eV_r0.4mm_p0-0.5_gun2a20faa6] t=1.002/20.000 us alive 11597/200000 (5.8%) 0.6s 3.51 Gpart-steps/s
13:35:13 [E5eV_r0.4mm_p0-0.5_gun2a20faa6] t=1.996/20.000 us alive 604/200000 (0.3%) 0.9s 2.45 Gpart-steps/s
13:35:13 [E1.4eV_r0.4mm_p0-0.5_gun2a20faa6] t=1.996/20.000 us alive 9697/200000 (4.8%) 1.3s 3.00 Gpart-steps/s
13:35:13 [E5eV_r0.4mm_p0-0.5_gun2a20faa6] t=2.991/20.000 us alive 38/200000 (0.0%) 1.1s 2.03 Gpart-steps/s
13:35:13 [E5eV_r0.4mm_p0-0.5_gun2a20faa6] t=3.985/20.000 us alive 4/200000 (0.0%) 1.3s 1.80 Gpart-steps/s
13:35:13 [E1.4eV_r0.4mm_p0-0.5_gun2a20faa6] t=2.991/20.000 us alive 2104/200000 (1.1%) 1.6s 2.42 Gpart-steps/s
13:35:13 [E5eV_r0.4mm_p0-0.5_gun2a20faa6] t=4.509/20.000 us alive 0/200000 (0.0%) 1.3s 1.74 Gpart-steps/s
13:35:14 [E1.4eV_r0.4mm_p0-0.5_gun2a20faa6] t=3.985/20.000 us alive 448/200000 (0.2%) 1.9s 2.12 Gpart-steps/s
13:35:14 [E1.4eV_r0.4mm_p0-0.5_gun2a20faa6] t=4.980/20.000 us alive 108/200000 (0.1%) 2.1s 1.90 Gpart-steps/s
13:35:14 [E5eV_r0.4mm_p0-0.5_gun2a20faa6] done: confined 0/200000 (0.00%), ring-cusp 63011, +z 0, -z 136989, energy drift max 2.98e-14, 1.74 Gpart-steps/s, 3.4s wall
13:35:14 [E1.4eV_r0.4mm_p0-0.5_gun2a20faa6] t=5.974/20.000 us alive 30/200000 (0.0%) 2.3s 1.74 Gpart-steps/s
13:35:14 [E1.4eV_r0.4mm_p0-0.5_gun2a20faa6] t=6.968/20.000 us alive 8/200000 (0.0%) 2.4s 1.64 Gpart-steps/s
13:35:14 [E1.4eV_r0.4mm_p0-0.5_gun2a20faa6] t=7.963/20.000 us alive 1/200000 (0.0%) 2.5s 1.57 Gpart-steps/s
13:35:14 [E1.4eV_r0.4mm_p0-0.5_gun2a20faa6] t=7.978/20.000 us alive 0/200000 (0.0%) 2.5s 1.57 Gpart-steps/s
13:35:15 [E1.4eV_r0.4mm_p0-0.5_gun2a20faa6] done: confined 0/200000 (0.00%), ring-cusp 71839, +z 0, -z 128161, energy drift max 3.58e-14, 1.57 Gpart-steps/s, 5.2s wall
13:35:21 [E100eV_r2mm_p0-0.5_gun2a20faa6] field table 1024x512, on-axis rel err 8.07e-16, B_axis_max=0.0430 T, B_max(r<r_max)=0.2317 T, integrator=boris dt_ref=3.854e-12 s adaptive dt<= 1.650e-11 s
13:35:21 [E100eV_r2mm_p0-0.5_gun2a20faa6] fused CUDA extension ready in 0.0s
13:35:21 [E100eV_r0.4mm_p0-0.5_Q-1.2919e-10C_gun2a20faa6] field table 1024x512, on-axis rel err 8.07e-16, B_axis_max=0.0430 T, B_max(r<r_max)=0.2317 T, integrator=boris dt_ref=3.854e-12 s adaptive dt<= 1.122e-11 s
13:35:21 [E100eV_r0.4mm_p0-0.5_Q-1.2919e-10C_gun2a20faa6] fused CUDA extension ready in 0.0s
13:35:22 [E100eV_r2mm_p0-0.5_gun2a20faa6] gun at [0.0, 0.002, -0.055] aim [ 0.         -0.00714267  0.99997449]: B(origin)=0.0303 T, aim-vs-B angle 1.1003772457840082 deg, 0 particles at zero field
13:35:22 [E100eV_r2mm_p0-0.5_gun2a20faa6] t=0.008/20.000 us alive 200000/200000 (100.0%) 0.0s 28.19 Gpart-steps/s
13:35:22 [E100eV_r0.4mm_p0-0.5_Q-1.2919e-10C_gun2a20faa6] gun at [0.0, 0.0004, -0.055] aim [ 0.         -0.00714267  0.99997449]: B(origin)=0.0303 T, aim-vs-B angle 0.10766094213123702 deg, 0 particles at zero field
13:35:22 [E100eV_r0.4mm_p0-0.5_Q-1.2919e-10C_gun2a20faa6] t=0.008/20.000 us alive 200000/200000 (100.0%) 0.0s 32.58 Gpart-steps/s
13:35:22 [E30eV_r2mm_p0-0.5_gun2a20faa6] field table 1024x512, on-axis rel err 8.07e-16, B_axis_max=0.0430 T, B_max(r<r_max)=0.2317 T, integrator=boris dt_ref=3.854e-12 s adaptive dt<= 3.012e-11 s
13:35:22 [E30eV_r0.4mm_p0-0.5_gun2a20faa6] field table 1024x512, on-axis rel err 8.07e-16, B_axis_max=0.0430 T, B_max(r<r_max)=0.2317 T, integrator=boris dt_ref=3.854e-12 s adaptive dt<= 3.012e-11 s
13:35:22 [E100eV_r0.4mm_p0-0.5_gun2a20faa6] field table 1024x512, on-axis rel err 8.07e-16, B_axis_max=0.0430 T, B_max(r<r_max)=0.2317 T, integrator=boris dt_ref=3.854e-12 s adaptive dt<= 1.650e-11 s
13:35:22 [E30eV_r2mm_p0-0.5_gun2a20faa6] fused CUDA extension ready in 0.0s
13:35:22 [E100eV_r2mm_p0-0.5_Q-1.29172e-10C_gun2a20faa6] field table 1024x512, on-axis rel err 8.07e-16, B_axis_max=0.0430 T, B_max(r<r_max)=0.2317 T, integrator=boris dt_ref=3.854e-12 s adaptive dt<= 1.122e-11 s
13:35:22 [E100eV_r2mm_p0-0.5_gun2a20faa6] t=0.725/20.000 us alive 0/200000 (0.0%) 0.2s 3.31 Gpart-steps/s
13:35:22 [E100eV_r0.4mm_p0-0.5_gun2a20faa6] fused CUDA extension ready in 0.0s
13:35:22 [E100eV_r0.4mm_p0-0.5_Q-1.2919e-10C_gun2a20faa6] t=1.002/20.000 us alive 1/200000 (0.0%) 0.2s 4.51 Gpart-steps/s
13:35:22 [E30eV_r0.4mm_p0-0.5_Q-3.87571e-11C_gun2a20faa6] field table 1024x512, on-axis rel err 8.07e-16, B_axis_max=0.0430 T, B_max(r<r_max)=0.2317 T, integrator=boris dt_ref=3.854e-12 s adaptive dt<= 2.049e-11 s
13:35:22 [E30eV_r0.4mm_p0-0.5_gun2a20faa6] fused CUDA extension ready in 0.1s
13:35:22 [E30eV_r2mm_p0-0.5_gun2a20faa6] gun at [0.0, 0.002, -0.055] aim [ 0.         -0.00714267  0.99997449]: B(origin)=0.0303 T, aim-vs-B angle 1.1003772457840082 deg, 0 particles at zero field
13:35:22 [E100eV_r2mm_p0-0.5_Q-1.29172e-10C_gun2a20faa6] fused CUDA extension ready in 0.0s
13:35:22 [E30eV_r2mm_p0-0.5_gun2a20faa6] t=0.008/20.000 us alive 200000/200000 (100.0%) 0.0s 25.14 Gpart-steps/s
13:35:22 [E100eV_r0.4mm_p0-0.5_Q-1.2919e-10C_gun2a20faa6] t=1.349/20.000 us alive 0/200000 (0.0%) 0.2s 3.60 Gpart-steps/s
13:35:22 [E30eV_r0.4mm_p0-0.5_Q-3.87571e-11C_gun2a20faa6] fused CUDA extension ready in 0.0s
13:35:22 [E100eV_r0.4mm_p0-0.5_gun2a20faa6] gun at [0.0, 0.0004, -0.055] aim [ 0.         -0.00714267  0.99997449]: B(origin)=0.0303 T, aim-vs-B angle 0.10766094213123702 deg, 0 particles at zero field
13:35:22 [E100eV_r0.4mm_p0-0.5_gun2a20faa6] t=0.008/20.000 us alive 200000/200000 (100.0%) 0.0s 28.14 Gpart-steps/s
13:35:22 [E100eV_r0.4mm_p0-0.5_gun2a20faa6] t=0.031/20.000 us alive 0/200000 (0.0%) 0.0s 20.71 Gpart-steps/s
13:35:22 [E30eV_r2mm_p0-0.5_Q-3.87516e-11C_gun2a20faa6] field table 1024x512, on-axis rel err 8.07e-16, B_axis_max=0.0430 T, B_max(r<r_max)=0.2317 T, integrator=boris dt_ref=3.854e-12 s adaptive dt<= 2.049e-11 s
13:35:22 [E30eV_r0.4mm_p0-0.5_gun2a20faa6] gun at [0.0, 0.0004, -0.055] aim [ 0.         -0.00714267  0.99997449]: B(origin)=0.0303 T, aim-vs-B angle 0.10766094213123702 deg, 0 particles at zero field
13:35:22 [E100eV_r2mm_p0-0.5_Q-1.29172e-10C_gun2a20faa6] gun at [0.0, 0.002, -0.055] aim [ 0.         -0.00714267  0.99997449]: B(origin)=0.0303 T, aim-vs-B angle 1.1003772457840082 deg, 0 particles at zero field
13:35:22 [E30eV_r0.4mm_p0-0.5_gun2a20faa6] t=0.008/20.000 us alive 200000/200000 (100.0%) 0.0s 24.60 Gpart-steps/s
13:35:22 [E100eV_r2mm_p0-0.5_Q-1.29172e-10C_gun2a20faa6] t=0.008/20.000 us alive 200000/200000 (100.0%) 0.0s 32.67 Gpart-steps/s
13:35:22 [E100eV_r2mm_p0-0.5_Q-1.29172e-10C_gun2a20faa6] t=0.031/20.000 us alive 0/200000 (0.0%) 0.0s 27.92 Gpart-steps/s
13:35:22 [E30eV_r0.4mm_p0-0.5_Q-3.87571e-11C_gun2a20faa6] gun at [0.0, 0.0004, -0.055] aim [ 0.         -0.00714267  0.99997449]: B(origin)=0.0303 T, aim-vs-B angle 0.10766094213123702 deg, 0 particles at zero field
13:35:22 [E30eV_r0.4mm_p0-0.5_Q-3.87571e-11C_gun2a20faa6] t=0.008/20.000 us alive 200000/200000 (100.0%) 0.0s 29.71 Gpart-steps/s
13:35:22 [E30eV_r2mm_p0-0.5_Q-3.87516e-11C_gun2a20faa6] fused CUDA extension ready in 0.0s
13:35:22 [E30eV_r2mm_p0-0.5_Q-3.87516e-11C_gun2a20faa6] gun at [0.0, 0.002, -0.055] aim [ 0.         -0.00714267  0.99997449]: B(origin)=0.0303 T, aim-vs-B angle 1.1003772457840082 deg, 0 particles at zero field
13:35:22 [E30eV_r2mm_p0-0.5_Q-3.87516e-11C_gun2a20faa6] t=0.008/20.000 us alive 200000/200000 (100.0%) 0.0s 29.92 Gpart-steps/s
13:35:22 [E30eV_r2mm_p0-0.5_Q-3.87516e-11C_gun2a20faa6] t=0.046/20.000 us alive 0/200000 (0.0%) 0.0s 25.92 Gpart-steps/s
13:35:22 [E30eV_r2mm_p0-0.5_gun2a20faa6] t=1.002/20.000 us alive 1/200000 (0.0%) 0.3s 3.15 Gpart-steps/s
13:35:22 [E30eV_r2mm_p0-0.5_gun2a20faa6] t=1.149/20.000 us alive 0/200000 (0.0%) 0.3s 3.00 Gpart-steps/s
13:35:22 [E100eV_r2mm_p0-0.5_gun2a20faa6] done: confined 0/200000 (0.00%), ring-cusp 133182, +z 0, -z 66818, energy drift max 1.59e-14, 3.26 Gpart-steps/s, 2.9s wall
13:35:22 [E30eV_r0.4mm_p0-0.5_Q-3.87571e-11C_gun2a20faa6] t=1.002/20.000 us alive 2/200000 (0.0%) 0.3s 4.78 Gpart-steps/s
13:35:22 [E100eV_r0.4mm_p0-0.5_Q-1.2919e-10C_gun2a20faa6] done: confined 0/200000 (0.00%), ring-cusp 78534, +z 30334, -z 91132, energy drift max 2.57e-06, 3.56 Gpart-steps/s, 2.3s wall
13:35:22 [E100eV_r0.4mm_p0-0.5_gun2a20faa6] done: confined 0/200000 (0.00%), ring-cusp 0, +z 200000, -z 0, energy drift max 6.11e-15, 17.37 Gpart-steps/s, 2.0s wall
13:35:22 [E30eV_r0.4mm_p0-0.5_Q-3.87571e-11C_gun2a20faa6] t=1.996/20.000 us alive 2/200000 (0.0%) 0.4s 3.44 Gpart-steps/s
13:35:22 [E100eV_r2mm_p0-0.5_Q-1.29172e-10C_gun2a20faa6] done: confined 0/200000 (0.00%), ring-cusp 200000, +z 0, -z 0, energy drift max 1.86e-06, 23.78 Gpart-steps/s, 2.0s wall
13:35:23 [E30eV_r0.4mm_p0-0.5_gun2a20faa6] t=1.002/20.000 us alive 167/200000 (0.1%) 0.4s 3.09 Gpart-steps/s
13:35:23 [E30eV_r0.4mm_p0-0.5_Q-3.87571e-11C_gun2a20faa6] t=2.991/20.000 us alive 1/200000 (0.0%) 0.5s 2.74 Gpart-steps/s
13:35:23 [E30eV_r0.4mm_p0-0.5_gun2a20faa6] t=1.626/20.000 us alive 0/200000 (0.0%) 0.5s 2.54 Gpart-steps/s
13:35:23 [E30eV_r2mm_p0-0.5_Q-3.87516e-11C_gun2a20faa6] done: confined 0/200000 (0.00%), ring-cusp 200000, +z 0, -z 0, energy drift max 2.02e-06, 22.57 Gpart-steps/s, 2.1s wall
13:35:23 [E30eV_r0.4mm_p0-0.5_Q-3.87571e-11C_gun2a20faa6] t=3.985/20.000 us alive 1/200000 (0.0%) 0.6s 2.29 Gpart-steps/s
13:35:23 [E30eV_r2mm_p0-0.5_gun2a20faa6] done: confined 0/200000 (0.00%), ring-cusp 60771, +z 0, -z 139229, energy drift max 2.11e-14, 2.97 Gpart-steps/s, 2.4s wall
13:35:23 [E30eV_r0.4mm_p0-0.5_Q-3.87571e-11C_gun2a20faa6] t=4.980/20.000 us alive 1/200000 (0.0%) 0.7s 1.97 Gpart-steps/s
13:35:23 [E30eV_r0.4mm_p0-0.5_Q-3.87571e-11C_gun2a20faa6] t=5.974/20.000 us alive 1/200000 (0.0%) 0.7s 1.73 Gpart-steps/s
13:35:23 [E30eV_r0.4mm_p0-0.5_Q-3.87571e-11C_gun2a20faa6] t=6.968/20.000 us alive 1/200000 (0.0%) 0.8s 1.54 Gpart-steps/s
13:35:23 [E30eV_r0.4mm_p0-0.5_Q-3.87571e-11C_gun2a20faa6] t=7.153/20.000 us alive 0/200000 (0.0%) 0.9s 1.51 Gpart-steps/s
13:35:23 [E30eV_r0.4mm_p0-0.5_gun2a20faa6] done: confined 0/200000 (0.00%), ring-cusp 25508, +z 62434, -z 112058, energy drift max 1.49e-14, 2.53 Gpart-steps/s, 2.7s wall
13:35:23 [E30eV_r0.4mm_p0-0.5_Q-3.87571e-11C_gun2a20faa6] done: confined 0/200000 (0.00%), ring-cusp 116141, +z 118, -z 83741, energy drift max 1.44e-06, 1.51 Gpart-steps/s, 2.9s wall
